\BOOKMARK [0][-]{chapter.1}{\376\377\000I\000n\000t\000r\000o\000d\000u\000c\000t\000i\000o\000n}{}% 1
\BOOKMARK [1][-]{section.1.1}{\376\377\000B\000a\000c\000k\000g\000r\000o\000u\000n\000d}{chapter.1}% 2
\BOOKMARK [1][-]{section.1.2}{\376\377\000P\000r\000o\000b\000l\000e\000m\000\040\000S\000t\000a\000t\000e\000m\000e\000n\000t}{chapter.1}% 3
\BOOKMARK [1][-]{section.1.3}{\376\377\000O\000b\000j\000e\000c\000t\000i\000v\000e\000s}{chapter.1}% 4
\BOOKMARK [1][-]{section.1.4}{\376\377\000S\000c\000o\000p\000e}{chapter.1}% 5
\BOOKMARK [0][-]{chapter.2}{\376\377\000M\000a\000r\000k\000e\000t\000\040\000C\000o\000n\000t\000e\000x\000t}{}% 6
\BOOKMARK [1][-]{section.2.1}{\376\377\000U\000K\000\040\000C\000l\000e\000a\000n\000\040\000E\000n\000e\000r\000g\000y\000\040\000M\000a\000r\000k\000e\000t\000\040\000O\000v\000e\000r\000v\000i\000e\000w}{chapter.2}% 7
\BOOKMARK [1][-]{section.2.2}{\376\377\000C\000o\000m\000p\000e\000t\000i\000t\000i\000v\000e\000\040\000L\000a\000n\000d\000s\000c\000a\000p\000e}{chapter.2}% 8
\BOOKMARK [1][-]{section.2.3}{\376\377\000R\000e\000s\000e\000a\000r\000c\000h\000\040\000G\000a\000p\000s\000\040\000A\000d\000d\000r\000e\000s\000s\000e\000d\000\040\000b\000y\000\040\000C\000R\000M}{chapter.2}% 9
\BOOKMARK [0][-]{chapter.3}{\376\377\000P\000r\000o\000p\000o\000s\000e\000d\000\040\000M\000e\000t\000h\000o\000d\000o\000l\000o\000g\000y}{}% 10
\BOOKMARK [1][-]{section.3.1}{\376\377\000C\000R\000M\000\040\000P\000i\000p\000e\000l\000i\000n\000e\000\040\000A\000r\000c\000h\000i\000t\000e\000c\000t\000u\000r\000e}{chapter.3}% 11
\BOOKMARK [1][-]{section.3.2}{\376\377\000E\000n\000s\000e\000m\000b\000l\000e\000\040\000F\000o\000r\000e\000c\000a\000s\000t\000i\000n\000g\000\040\000L\000o\000g\000i\000c}{chapter.3}% 12
\BOOKMARK [1][-]{section.3.3}{\376\377\000P\000r\000o\000d\000u\000c\000t\000\040\000A\000c\000c\000u\000r\000a\000c\000y\000\040\000M\000e\000t\000r\000i\000c}{chapter.3}% 13
\BOOKMARK [1][-]{section.3.4}{\376\377\000A\000l\000g\000o\000r\000i\000t\000h\000m\000s\000\040\000/\000\040\000M\000o\000d\000e\000l\000s\000\040\000U\000s\000e\000d}{chapter.3}% 14
\BOOKMARK [0][-]{chapter.4}{\376\377\000S\000y\000s\000t\000e\000m\000\040\000I\000m\000p\000l\000e\000m\000e\000n\000t\000a\000t\000i\000o\000n}{}% 15
\BOOKMARK [1][-]{section.4.1}{\376\377\000H\000a\000r\000d\000w\000a\000r\000e\000\040\000a\000n\000d\000\040\000S\000o\000f\000t\000w\000a\000r\000e\000\040\000S\000p\000e\000c\000i\000f\000i\000c\000a\000t\000i\000o\000n\000s}{chapter.4}% 16
\BOOKMARK [2][-]{subsection.4.1.1}{\376\377\000C\000R\000M\000\040\000S\000t\000a\000c\000k}{section.4.1}% 17
\BOOKMARK [2][-]{subsection.4.1.2}{\376\377\000T\000o\000o\000l\000s\000\040\000/\000\040\000L\000i\000b\000r\000a\000r\000i\000e\000s\000\040\000U\000s\000e\000d}{section.4.1}% 18
\BOOKMARK [1][-]{section.4.2}{\376\377\000I\000m\000p\000l\000e\000m\000e\000n\000t\000a\000t\000i\000o\000n\000\040\000D\000e\000t\000a\000i\000l\000s}{chapter.4}% 19
\BOOKMARK [0][-]{chapter.5}{\376\377\000R\000e\000s\000u\000l\000t\000s\000\040\000a\000n\000d\000\040\000A\000n\000a\000l\000y\000s\000i\000s}{}% 20
\BOOKMARK [1][-]{section.5.1}{\376\377\000M\000o\000n\000t\000h\000l\000y\000\040\000R\000e\000v\000e\000n\000u\000e\000\040\000P\000e\000r\000f\000o\000r\000m\000a\000n\000c\000e\000\040\000S\000u\000m\000m\000a\000r\000y}{chapter.5}% 21
\BOOKMARK [1][-]{section.5.2}{\376\377\000E\000x\000p\000e\000r\000i\000m\000e\000n\000t\000a\000l\000\040\000R\000e\000s\000u\000l\000t\000s\000\040\040\024\000\040\0007\000-\000D\000a\000y\000\040\000A\000c\000t\000i\000v\000i\000t\000y\000\040\000T\000r\000e\000n\000d\000s}{chapter.5}% 22
\BOOKMARK [1][-]{section.5.3}{\376\377\000P\000e\000r\000f\000o\000r\000m\000a\000n\000c\000e\000\040\000C\000o\000m\000p\000a\000r\000i\000s\000o\000n\000\040\040\024\000\040\000P\000r\000o\000d\000u\000c\000t\000\040\000A\000c\000c\000u\000r\000a\000c\000y}{chapter.5}% 23
\BOOKMARK [1][-]{section.5.4}{\376\377\000R\000e\000p\000\040\000F\000o\000r\000e\000c\000a\000s\000t\000\040\000A\000c\000c\000u\000r\000a\000c\000y}{chapter.5}% 24
\BOOKMARK [1][-]{section.5.5}{\376\377\000G\000e\000o\000g\000r\000a\000p\000h\000i\000c\000\040\000P\000e\000r\000f\000o\000r\000m\000a\000n\000c\000e}{chapter.5}% 25
\BOOKMARK [1][-]{section.5.6}{\376\377\000I\000n\000t\000e\000r\000p\000r\000e\000t\000a\000t\000i\000o\000n\000\040\000a\000n\000d\000\040\000A\000n\000a\000l\000y\000s\000i\000s}{chapter.5}% 26
\BOOKMARK [2][-]{subsection.5.6.1}{\376\377\000R\000e\000v\000e\000n\000u\000e\000\040\000P\000e\000r\000f\000o\000r\000m\000a\000n\000c\000e}{section.5.6}% 27
\BOOKMARK [2][-]{subsection.5.6.2}{\376\377\000P\000r\000o\000d\000u\000c\000t\000\040\000P\000e\000r\000f\000o\000r\000m\000a\000n\000c\000e}{section.5.6}% 28
\BOOKMARK [2][-]{subsection.5.6.3}{\376\377\000R\000e\000p\000\040\000F\000o\000r\000e\000c\000a\000s\000t\000\040\000P\000e\000r\000f\000o\000r\000m\000a\000n\000c\000e}{section.5.6}% 29
\BOOKMARK [1][-]{section.5.7}{\376\377\000D\000i\000s\000c\000u\000s\000s\000i\000o\000n\000\040\000o\000f\000\040\000K\000e\000y\000\040\000F\000i\000n\000d\000i\000n\000g\000s}{chapter.5}% 30
\BOOKMARK [1][-]{section.5.8}{\376\377\000L\000i\000m\000i\000t\000a\000t\000i\000o\000n\000s\000\040\000o\000f\000\040\000R\000e\000s\000u\000l\000t\000s}{chapter.5}% 31
\BOOKMARK [0][-]{chapter.6}{\376\377\000C\000o\000n\000c\000l\000u\000s\000i\000o\000n\000\040\000a\000n\000d\000\040\000F\000u\000t\000u\000r\000e\000\040\000W\000o\000r\000k}{}% 32
\BOOKMARK [1][-]{section.6.1}{\376\377\000S\000u\000m\000m\000a\000r\000y\000\040\000o\000f\000\040\000t\000h\000e\000\040\000R\000e\000s\000e\000a\000r\000c\000h}{chapter.6}% 33
\BOOKMARK [1][-]{section.6.2}{\376\377\000C\000o\000n\000c\000l\000u\000s\000i\000o\000n\000\040\000D\000r\000a\000w\000n\000\040\000f\000r\000o\000m\000\040\000t\000h\000e\000\040\000R\000e\000s\000u\000l\000t\000s}{chapter.6}% 34
\BOOKMARK [1][-]{section.6.3}{\376\377\000C\000o\000n\000t\000r\000i\000b\000u\000t\000i\000o\000n\000s\000\040\000o\000f\000\040\000t\000h\000e\000\040\000S\000t\000u\000d\000y}{chapter.6}% 35
\BOOKMARK [1][-]{section.6.4}{\376\377\000F\000u\000t\000u\000r\000e\000\040\000W\000o\000r\000k}{chapter.6}% 36
\BOOKMARK [0][-]{chapter*.5}{\376\377\000R\000e\000f\000e\000r\000e\000n\000c\000e\000s}{}% 37
\BOOKMARK [0][-]{appendix.A}{\376\377\000R\000e\000t\000e\000n\000t\000i\000o\000n\000\040\000C\000o\000h\000o\000r\000t\000\040\000A\000n\000a\000l\000y\000s\000i\000s}{}% 38
\BOOKMARK [0][-]{appendix.B}{\376\377\000R\000e\000v\000e\000n\000u\000e\000\040\000F\000o\000r\000e\000c\000a\000s\000t\000\040\000S\000c\000e\000n\000a\000r\000i\000o\000s}{}% 39
